============================================================
session_name: rb_truthfulqa__260408_173521
attempt: 1
started_at: 2026-04-08T18:00:47-04:00
config_path: configs/experiments/generated/spring26_2026-04-08__17-35-21/full_truthfulqa_all_strategies.toml
checkpoint_path: outputs/full_truthfulqa__spring26_2026-04-08__17-35-21/results.jsonl
cwd: /mnt/Yanlai/ReasonBench
command: PYTHONUNBUFFERED=1 PYTHONPATH=src /usr/bin/python3 -u -m reasonbench.cli.run --config configs/experiments/generated/spring26_2026-04-08__17-35-21/full_truthfulqa_all_strategies.toml
============================================================
[ReasonBench] experiment=truthfulqa_full_all_strategies__spring26_2026-04-08__17-35-21 examples=817 strategies=10 expected_total=8170 existing_checkpoint_records=30
[ReasonBench] pending_records=8140 max_workers=4
[ReasonBench] progress total=31/8170 (0.38%) new=1/8140 elapsed_s=64.0
[ReasonBench] progress total=70/8170 (0.86%) new=40/8140 elapsed_s=868.2
[ReasonBench] progress total=110/8170 (1.35%) new=80/8140 elapsed_s=1746.4
[ReasonBench] progress total=150/8170 (1.84%) new=120/8140 elapsed_s=2594.1
[ReasonBench] progress total=190/8170 (2.33%) new=160/8140 elapsed_s=3386.4
[ReasonBench] progress total=230/8170 (2.82%) new=200/8140 elapsed_s=4342.0
[ReasonBench] progress total=270/8170 (3.30%) new=240/8140 elapsed_s=5362.2
[ReasonBench] progress total=310/8170 (3.79%) new=280/8140 elapsed_s=6393.9
finished_at: 2026-04-08T19:48:56-04:00
exit_code: 139
checkpoint_records_before: 30
checkpoint_records_after: 316
checkpoint_records_added: 286
Run failed (exit 139). stale_attempts=0. Will resume from checkpoint after 20s...
