============================================================
session_name: rb_truthfulqa__260408_173521
attempt: 12
started_at: 2026-04-10T13:00:57-04:00
config_path: configs/experiments/generated/spring26_2026-04-08__17-35-21/full_truthfulqa_all_strategies.toml
checkpoint_path: outputs/full_truthfulqa__spring26_2026-04-08__17-35-21/results.jsonl
cwd: /mnt/Yanlai/ReasonBench
command: PYTHONUNBUFFERED=1 PYTHONPATH=src /usr/bin/python3 -u -m reasonbench.cli.run --config configs/experiments/generated/spring26_2026-04-08__17-35-21/full_truthfulqa_all_strategies.toml
============================================================
[ReasonBench] experiment=truthfulqa_full_all_strategies__spring26_2026-04-08__17-35-21 examples=817 strategies=10 expected_total=8170 existing_checkpoint_records=5079
[ReasonBench] pending_records=3091 max_workers=4
[ReasonBench] progress total=5080/8170 (62.18%) new=1/3091 elapsed_s=0.1
[ReasonBench] progress total=5104/8170 (62.47%) new=25/3091 elapsed_s=271.8
[ReasonBench] progress total=5129/8170 (62.78%) new=50/3091 elapsed_s=634.1
finished_at: 2026-04-10T13:11:53-04:00
exit_code: 139
checkpoint_records_before: 5079
checkpoint_records_after: 5130
checkpoint_records_added: 51
Run failed (exit 139). stale_attempts=0. Will resume from checkpoint after 20s...
