============================================================
session_name: rb_truthfulqa__260408_173521
attempt: 16
started_at: 2026-04-10T14:23:05-04:00
config_path: configs/experiments/generated/spring26_2026-04-08__17-35-21/full_truthfulqa_all_strategies.toml
checkpoint_path: outputs/full_truthfulqa__spring26_2026-04-08__17-35-21/results.jsonl
cwd: /mnt/Yanlai/ReasonBench
command: PYTHONUNBUFFERED=1 PYTHONPATH=src /usr/bin/python3 -u -m reasonbench.cli.run --config configs/experiments/generated/spring26_2026-04-08__17-35-21/full_truthfulqa_all_strategies.toml
============================================================
[ReasonBench] experiment=truthfulqa_full_all_strategies__spring26_2026-04-08__17-35-21 examples=817 strategies=10 expected_total=8170 existing_checkpoint_records=5423
[ReasonBench] pending_records=2747 max_workers=4
[ReasonBench] progress total=5424/8170 (66.39%) new=1/2747 elapsed_s=0.1
[ReasonBench] progress total=5448/8170 (66.68%) new=25/2747 elapsed_s=458.1
[ReasonBench] progress total=5473/8170 (66.99%) new=50/2747 elapsed_s=779.8
finished_at: 2026-04-10T14:40:15-04:00
exit_code: 139
checkpoint_records_before: 5423
checkpoint_records_after: 5483
checkpoint_records_added: 60
Run failed (exit 139). stale_attempts=0. Will resume from checkpoint after 20s...
