============================================================
session_name: rb_truthfulqa__260408_173521
attempt: 17
started_at: 2026-04-10T14:40:35-04:00
config_path: configs/experiments/generated/spring26_2026-04-08__17-35-21/full_truthfulqa_all_strategies.toml
checkpoint_path: outputs/full_truthfulqa__spring26_2026-04-08__17-35-21/results.jsonl
cwd: /mnt/Yanlai/ReasonBench
command: PYTHONUNBUFFERED=1 PYTHONPATH=src /usr/bin/python3 -u -m reasonbench.cli.run --config configs/experiments/generated/spring26_2026-04-08__17-35-21/full_truthfulqa_all_strategies.toml
============================================================
[ReasonBench] experiment=truthfulqa_full_all_strategies__spring26_2026-04-08__17-35-21 examples=817 strategies=10 expected_total=8170 existing_checkpoint_records=5483
[ReasonBench] pending_records=2687 max_workers=4
[ReasonBench] progress total=5484/8170 (67.12%) new=1/2687 elapsed_s=0.1
[ReasonBench] progress total=5508/8170 (67.42%) new=25/2687 elapsed_s=426.7
[ReasonBench] progress total=5533/8170 (67.72%) new=50/2687 elapsed_s=782.2
[ReasonBench] progress total=5558/8170 (68.03%) new=75/2687 elapsed_s=1105.9
[ReasonBench] progress total=5583/8170 (68.34%) new=100/2687 elapsed_s=1458.2
[ReasonBench] progress total=5608/8170 (68.64%) new=125/2687 elapsed_s=2023.2
[ReasonBench] progress total=5633/8170 (68.95%) new=150/2687 elapsed_s=2525.4
[ReasonBench] progress total=5658/8170 (69.25%) new=175/2687 elapsed_s=2976.4
[ReasonBench] progress total=5683/8170 (69.56%) new=200/2687 elapsed_s=3352.8
[ReasonBench] progress total=5708/8170 (69.87%) new=225/2687 elapsed_s=3704.8
finished_at: 2026-04-10T15:46:12-04:00
exit_code: 139
checkpoint_records_before: 5483
checkpoint_records_after: 5722
checkpoint_records_added: 239
Run failed (exit 139). stale_attempts=0. Will resume from checkpoint after 20s...
