============================================================
session_name: rb_truthfulqa__260408_173521
attempt: 13
started_at: 2026-04-10T13:12:13-04:00
config_path: configs/experiments/generated/spring26_2026-04-08__17-35-21/full_truthfulqa_all_strategies.toml
checkpoint_path: outputs/full_truthfulqa__spring26_2026-04-08__17-35-21/results.jsonl
cwd: /mnt/Yanlai/ReasonBench
command: PYTHONUNBUFFERED=1 PYTHONPATH=src /usr/bin/python3 -u -m reasonbench.cli.run --config configs/experiments/generated/spring26_2026-04-08__17-35-21/full_truthfulqa_all_strategies.toml
============================================================
[ReasonBench] experiment=truthfulqa_full_all_strategies__spring26_2026-04-08__17-35-21 examples=817 strategies=10 expected_total=8170 existing_checkpoint_records=5130
[ReasonBench] pending_records=3040 max_workers=4
[ReasonBench] progress total=5131/8170 (62.80%) new=1/3040 elapsed_s=0.2
[ReasonBench] progress total=5155/8170 (63.10%) new=25/3040 elapsed_s=457.9
[ReasonBench] progress total=5180/8170 (63.40%) new=50/3040 elapsed_s=792.1
[ReasonBench] progress total=5205/8170 (63.71%) new=75/3040 elapsed_s=1195.0
[ReasonBench] progress total=5230/8170 (64.01%) new=100/3040 elapsed_s=1500.0
[ReasonBench] progress total=5255/8170 (64.32%) new=125/3040 elapsed_s=1815.3
[ReasonBench] progress total=5280/8170 (64.63%) new=150/3040 elapsed_s=2099.8
finished_at: 2026-04-10T13:47:43-04:00
exit_code: 139
checkpoint_records_before: 5130
checkpoint_records_after: 5280
checkpoint_records_added: 150
Run failed (exit 139). stale_attempts=0. Will resume from checkpoint after 20s...
