============================================================
session_name: rb_truthfulqa__260408_173521
attempt: 15
started_at: 2026-04-10T13:49:29-04:00
config_path: configs/experiments/generated/spring26_2026-04-08__17-35-21/full_truthfulqa_all_strategies.toml
checkpoint_path: outputs/full_truthfulqa__spring26_2026-04-08__17-35-21/results.jsonl
cwd: /mnt/Yanlai/ReasonBench
command: PYTHONUNBUFFERED=1 PYTHONPATH=src /usr/bin/python3 -u -m reasonbench.cli.run --config configs/experiments/generated/spring26_2026-04-08__17-35-21/full_truthfulqa_all_strategies.toml
============================================================
[ReasonBench] experiment=truthfulqa_full_all_strategies__spring26_2026-04-08__17-35-21 examples=817 strategies=10 expected_total=8170 existing_checkpoint_records=5282
[ReasonBench] pending_records=2888 max_workers=4
[ReasonBench] progress total=5283/8170 (64.66%) new=1/2888 elapsed_s=0.1
[ReasonBench] progress total=5307/8170 (64.96%) new=25/2888 elapsed_s=345.2
[ReasonBench] progress total=5332/8170 (65.26%) new=50/2888 elapsed_s=641.5
[ReasonBench] progress total=5357/8170 (65.57%) new=75/2888 elapsed_s=957.9
[ReasonBench] progress total=5382/8170 (65.88%) new=100/2888 elapsed_s=1322.8
[ReasonBench] progress total=5407/8170 (66.18%) new=125/2888 elapsed_s=1710.5
finished_at: 2026-04-10T14:22:45-04:00
exit_code: 139
checkpoint_records_before: 5282
checkpoint_records_after: 5423
checkpoint_records_added: 141
Run failed (exit 139). stale_attempts=0. Will resume from checkpoint after 20s...
