============================================================
session_name: rb_truthfulqa__260408_173521
attempt: 8
started_at: 2026-04-10T10:57:00-04:00
config_path: configs/experiments/generated/spring26_2026-04-08__17-35-21/full_truthfulqa_all_strategies.toml
checkpoint_path: outputs/full_truthfulqa__spring26_2026-04-08__17-35-21/results.jsonl
cwd: /mnt/Yanlai/ReasonBench
command: PYTHONUNBUFFERED=1 PYTHONPATH=src /usr/bin/python3 -u -m reasonbench.cli.run --config configs/experiments/generated/spring26_2026-04-08__17-35-21/full_truthfulqa_all_strategies.toml
============================================================
[ReasonBench] experiment=truthfulqa_full_all_strategies__spring26_2026-04-08__17-35-21 examples=817 strategies=10 expected_total=8170 existing_checkpoint_records=4598
[ReasonBench] pending_records=3572 max_workers=4
[ReasonBench] progress total=4599/8170 (56.29%) new=1/3572 elapsed_s=0.1
[ReasonBench] progress total=4623/8170 (56.59%) new=25/3572 elapsed_s=387.9
[ReasonBench] progress total=4648/8170 (56.89%) new=50/3572 elapsed_s=814.5
finished_at: 2026-04-10T11:14:32-04:00
exit_code: 139
checkpoint_records_before: 4598
checkpoint_records_after: 4661
checkpoint_records_added: 63
Run failed (exit 139). stale_attempts=0. Will resume from checkpoint after 20s...
