============================================================
session_name: rb_room_assignment_27b__260408_173521
attempt: 1
started_at: 2026-04-08T18:00:47-04:00
config_path: configs/experiments/generated/spring26_2026-04-08__17-35-21/full_room_assignment_all_strategies_27b.toml
checkpoint_path: outputs/full_room_assignment_27b__spring26_2026-04-08__17-35-21/results.jsonl
cwd: /mnt/Yanlai/ReasonBench
command: PYTHONUNBUFFERED=1 PYTHONPATH=src /usr/bin/python3 -u -m reasonbench.cli.run --config configs/experiments/generated/spring26_2026-04-08__17-35-21/full_room_assignment_all_strategies_27b.toml
============================================================
[ReasonBench] experiment=room_assignment_full_all_strategies_27b__spring26_2026-04-08__17-35-21 examples=37984 strategies=10 expected_total=379840 existing_checkpoint_records=2
[ReasonBench] pending_records=379838 max_workers=2
[ReasonBench] request_retry attempt=1/7 backoff_s=1.0 error=ConnectionError(MaxRetryError('HTTPSConnectionPool(host=\'game.agaii.org\', port=443): Max retries exceeded with url: /mllm/v1/chat/completions (Caused by ReadTimeoutError("HTTPSConnectionPool(host=\'game.agaii.org\', port=443): Read timed out. (read timeout=240)"))'))
[ReasonBench] request_retry attempt=1/7 backoff_s=1.0 error=ConnectionError(MaxRetryError('HTTPSConnectionPool(host=\'game.agaii.org\', port=443): Max retries exceeded with url: /mllm/v1/chat/completions (Caused by ReadTimeoutError("HTTPSConnectionPool(host=\'game.agaii.org\', port=443): Read timed out. (read timeout=240)"))'))
[ReasonBench] request_retry attempt=2/7 backoff_s=2.0 error=ConnectionError(MaxRetryError('HTTPSConnectionPool(host=\'game.agaii.org\', port=443): Max retries exceeded with url: /mllm/v1/chat/completions (Caused by ReadTimeoutError("HTTPSConnectionPool(host=\'game.agaii.org\', port=443): Read timed out. (read timeout=240)"))'))
[ReasonBench] request_retry attempt=2/7 backoff_s=2.0 error=ConnectionError(MaxRetryError('HTTPSConnectionPool(host=\'game.agaii.org\', port=443): Max retries exceeded with url: /mllm/v1/chat/completions (Caused by ReadTimeoutError("HTTPSConnectionPool(host=\'game.agaii.org\', port=443): Read timed out. (read timeout=240)"))'))
[ReasonBench] request_retry attempt=3/7 backoff_s=4.0 error=ConnectionError(MaxRetryError('HTTPSConnectionPool(host=\'game.agaii.org\', port=443): Max retries exceeded with url: /mllm/v1/chat/completions (Caused by ReadTimeoutError("HTTPSConnectionPool(host=\'game.agaii.org\', port=443): Read timed out. (read timeout=240)"))'))[ReasonBench] request_retry attempt=3/7 backoff_s=4.0 error=ConnectionError(MaxRetryError('HTTPSConnectionPool(host=\'game.agaii.org\', port=443): Max retries exceeded with url: /mllm/v1/chat/completions (Caused by ReadTimeoutError("HTTPSConnectionPool(host=\'game.agaii.org\', port=443): Read timed out. (read timeout=240)"))'))

[ReasonBench] request_retry attempt=4/7 backoff_s=8.0 error=ConnectionError(MaxRetryError('HTTPSConnectionPool(host=\'game.agaii.org\', port=443): Max retries exceeded with url: /mllm/v1/chat/completions (Caused by ReadTimeoutError("HTTPSConnectionPool(host=\'game.agaii.org\', port=443): Read timed out. (read timeout=240)"))'))
[ReasonBench] request_retry attempt=4/7 backoff_s=8.0 error=ConnectionError(MaxRetryError('HTTPSConnectionPool(host=\'game.agaii.org\', port=443): Max retries exceeded with url: /mllm/v1/chat/completions (Caused by ReadTimeoutError("HTTPSConnectionPool(host=\'game.agaii.org\', port=443): Read timed out. (read timeout=240)"))'))
[ReasonBench] request_retry attempt=5/7 backoff_s=12.0 error=ConnectionError(MaxRetryError('HTTPSConnectionPool(host=\'game.agaii.org\', port=443): Max retries exceeded with url: /mllm/v1/chat/completions (Caused by ReadTimeoutError("HTTPSConnectionPool(host=\'game.agaii.org\', port=443): Read timed out. (read timeout=240)"))'))
[ReasonBench] request_retry attempt=5/7 backoff_s=12.0 error=ConnectionError(MaxRetryError('HTTPSConnectionPool(host=\'game.agaii.org\', port=443): Max retries exceeded with url: /mllm/v1/chat/completions (Caused by ReadTimeoutError("HTTPSConnectionPool(host=\'game.agaii.org\', port=443): Read timed out. (read timeout=240)"))'))
[ReasonBench] request_retry attempt=6/7 backoff_s=12.0 error=ConnectionError(MaxRetryError('HTTPSConnectionPool(host=\'game.agaii.org\', port=443): Max retries exceeded with url: /mllm/v1/chat/completions (Caused by ReadTimeoutError("HTTPSConnectionPool(host=\'game.agaii.org\', port=443): Read timed out. (read timeout=240)"))'))[ReasonBench] request_retry attempt=6/7 backoff_s=12.0 error=ConnectionError(MaxRetryError('HTTPSConnectionPool(host=\'game.agaii.org\', port=443): Max retries exceeded with url: /mllm/v1/chat/completions (Caused by ReadTimeoutError("HTTPSConnectionPool(host=\'game.agaii.org\', port=443): Read timed out. (read timeout=240)"))'))

[ReasonBench] error example_id=0 strategy=least_to_most error=ConnectionError(MaxRetryError('HTTPSConnectionPool(host=\'game.agaii.org\', port=443): Max retries exceeded with url: /mllm/v1/chat/completions (Caused by ReadTimeoutError("HTTPSConnectionPool(host=\'game.agaii.org\', port=443): Read timed out. (read timeout=240)"))'))
[ReasonBench] marked_unscorable example_id=0 strategy=least_to_most error_records=1
[ReasonBench] progress total=3/379840 (0.00%) new=1/379838 elapsed_s=12280.3
[ReasonBench] error example_id=0 strategy=constraint_decompose error=ConnectionError(MaxRetryError('HTTPSConnectionPool(host=\'game.agaii.org\', port=443): Max retries exceeded with url: /mllm/v1/chat/completions (Caused by ReadTimeoutError("HTTPSConnectionPool(host=\'game.agaii.org\', port=443): Read timed out. (read timeout=240)"))'))
[ReasonBench] marked_unscorable example_id=0 strategy=constraint_decompose error_records=2
[ReasonBench] request_retry attempt=1/7 backoff_s=1.0 error=ConnectionError(MaxRetryError('HTTPSConnectionPool(host=\'game.agaii.org\', port=443): Max retries exceeded with url: /mllm/v1/chat/completions (Caused by ReadTimeoutError("HTTPSConnectionPool(host=\'game.agaii.org\', port=443): Read timed out. (read timeout=240)"))'))
[ReasonBench] request_retry attempt=1/7 backoff_s=1.0 error=ConnectionError(MaxRetryError('HTTPSConnectionPool(host=\'game.agaii.org\', port=443): Max retries exceeded with url: /mllm/v1/chat/completions (Caused by ReadTimeoutError("HTTPSConnectionPool(host=\'game.agaii.org\', port=443): Read timed out. (read timeout=240)"))'))
[ReasonBench] request_retry attempt=2/7 backoff_s=2.0 error=ConnectionError(MaxRetryError('HTTPSConnectionPool(host=\'game.agaii.org\', port=443): Max retries exceeded with url: /mllm/v1/chat/completions (Caused by ReadTimeoutError("HTTPSConnectionPool(host=\'game.agaii.org\', port=443): Read timed out. (read timeout=240)"))'))
[ReasonBench] request_retry attempt=2/7 backoff_s=2.0 error=ConnectionError(MaxRetryError('HTTPSConnectionPool(host=\'game.agaii.org\', port=443): Max retries exceeded with url: /mllm/v1/chat/completions (Caused by ReadTimeoutError("HTTPSConnectionPool(host=\'game.agaii.org\', port=443): Read timed out. (read timeout=240)"))'))
[ReasonBench] request_retry attempt=3/7 backoff_s=4.0 error=ConnectionError(MaxRetryError('HTTPSConnectionPool(host=\'game.agaii.org\', port=443): Max retries exceeded with url: /mllm/v1/chat/completions (Caused by ReadTimeoutError("HTTPSConnectionPool(host=\'game.agaii.org\', port=443): Read timed out. (read timeout=240)"))'))
[ReasonBench] request_retry attempt=3/7 backoff_s=4.0 error=ConnectionError(MaxRetryError('HTTPSConnectionPool(host=\'game.agaii.org\', port=443): Max retries exceeded with url: /mllm/v1/chat/completions (Caused by ReadTimeoutError("HTTPSConnectionPool(host=\'game.agaii.org\', port=443): Read timed out. (read timeout=240)"))'))
[ReasonBench] request_retry attempt=4/7 backoff_s=8.0 error=ConnectionError(MaxRetryError('HTTPSConnectionPool(host=\'game.agaii.org\', port=443): Max retries exceeded with url: /mllm/v1/chat/completions (Caused by ReadTimeoutError("HTTPSConnectionPool(host=\'game.agaii.org\', port=443): Read timed out. (read timeout=240)"))'))
[ReasonBench] request_retry attempt=4/7 backoff_s=8.0 error=ConnectionError(MaxRetryError('HTTPSConnectionPool(host=\'game.agaii.org\', port=443): Max retries exceeded with url: /mllm/v1/chat/completions (Caused by ReadTimeoutError("HTTPSConnectionPool(host=\'game.agaii.org\', port=443): Read timed out. (read timeout=240)"))'))
[ReasonBench] request_retry attempt=5/7 backoff_s=12.0 error=ConnectionError(MaxRetryError('HTTPSConnectionPool(host=\'game.agaii.org\', port=443): Max retries exceeded with url: /mllm/v1/chat/completions (Caused by ReadTimeoutError("HTTPSConnectionPool(host=\'game.agaii.org\', port=443): Read timed out. (read timeout=240)"))'))
[ReasonBench] request_retry attempt=5/7 backoff_s=12.0 error=ConnectionError(MaxRetryError('HTTPSConnectionPool(host=\'game.agaii.org\', port=443): Max retries exceeded with url: /mllm/v1/chat/completions (Caused by ReadTimeoutError("HTTPSConnectionPool(host=\'game.agaii.org\', port=443): Read timed out. (read timeout=240)"))'))
[ReasonBench] request_retry attempt=1/7 backoff_s=1.0 error=ConnectionError(MaxRetryError('HTTPSConnectionPool(host=\'game.agaii.org\', port=443): Max retries exceeded with url: /mllm/v1/chat/completions (Caused by ReadTimeoutError("HTTPSConnectionPool(host=\'game.agaii.org\', port=443): Read timed out. (read timeout=240)"))'))
[ReasonBench] request_retry attempt=1/7 backoff_s=1.0 error=ConnectionError(MaxRetryError('HTTPSConnectionPool(host=\'game.agaii.org\', port=443): Max retries exceeded with url: /mllm/v1/chat/completions (Caused by ReadTimeoutError("HTTPSConnectionPool(host=\'game.agaii.org\', port=443): Read timed out. (read timeout=240)"))'))
[ReasonBench] request_retry attempt=2/7 backoff_s=2.0 error=ConnectionError(MaxRetryError('HTTPSConnectionPool(host=\'game.agaii.org\', port=443): Max retries exceeded with url: /mllm/v1/chat/completions (Caused by ReadTimeoutError("HTTPSConnectionPool(host=\'game.agaii.org\', port=443): Read timed out. (read timeout=240)"))'))
[ReasonBench] request_retry attempt=2/7 backoff_s=2.0 error=ConnectionError(MaxRetryError('HTTPSConnectionPool(host=\'game.agaii.org\', port=443): Max retries exceeded with url: /mllm/v1/chat/completions (Caused by ReadTimeoutError("HTTPSConnectionPool(host=\'game.agaii.org\', port=443): Read timed out. (read timeout=240)"))'))
[ReasonBench] request_retry attempt=3/7 backoff_s=4.0 error=ConnectionError(MaxRetryError('HTTPSConnectionPool(host=\'game.agaii.org\', port=443): Max retries exceeded with url: /mllm/v1/chat/completions (Caused by ReadTimeoutError("HTTPSConnectionPool(host=\'game.agaii.org\', port=443): Read timed out. (read timeout=240)"))'))
[ReasonBench] request_retry attempt=1/7 backoff_s=1.0 error=ConnectionError(MaxRetryError('HTTPSConnectionPool(host=\'game.agaii.org\', port=443): Max retries exceeded with url: /mllm/v1/chat/completions (Caused by ReadTimeoutError("HTTPSConnectionPool(host=\'game.agaii.org\', port=443): Read timed out. (read timeout=240)"))'))
[ReasonBench] request_retry attempt=4/7 backoff_s=8.0 error=ConnectionError(MaxRetryError('HTTPSConnectionPool(host=\'game.agaii.org\', port=443): Max retries exceeded with url: /mllm/v1/chat/completions (Caused by ReadTimeoutError("HTTPSConnectionPool(host=\'game.agaii.org\', port=443): Read timed out. (read timeout=240)"))'))
[ReasonBench] request_retry attempt=2/7 backoff_s=2.0 error=ConnectionError(MaxRetryError('HTTPSConnectionPool(host=\'game.agaii.org\', port=443): Max retries exceeded with url: /mllm/v1/chat/completions (Caused by ReadTimeoutError("HTTPSConnectionPool(host=\'game.agaii.org\', port=443): Read timed out. (read timeout=240)"))'))
[ReasonBench] request_retry attempt=5/7 backoff_s=12.0 error=ConnectionError(MaxRetryError('HTTPSConnectionPool(host=\'game.agaii.org\', port=443): Max retries exceeded with url: /mllm/v1/chat/completions (Caused by ReadTimeoutError("HTTPSConnectionPool(host=\'game.agaii.org\', port=443): Read timed out. (read timeout=240)"))'))
[ReasonBench] request_retry attempt=6/7 backoff_s=12.0 error=ConnectionError(MaxRetryError('HTTPSConnectionPool(host=\'game.agaii.org\', port=443): Max retries exceeded with url: /mllm/v1/chat/completions (Caused by ReadTimeoutError("HTTPSConnectionPool(host=\'game.agaii.org\', port=443): Read timed out. (read timeout=240)"))'))
[ReasonBench] request_retry attempt=1/7 backoff_s=1.0 error=ConnectionError(MaxRetryError('HTTPSConnectionPool(host=\'game.agaii.org\', port=443): Max retries exceeded with url: /mllm/v1/chat/completions (Caused by ReadTimeoutError("HTTPSConnectionPool(host=\'game.agaii.org\', port=443): Read timed out. (read timeout=240)"))'))
[ReasonBench] error example_id=0 strategy=self_verify error=ConnectionError(MaxRetryError('HTTPSConnectionPool(host=\'game.agaii.org\', port=443): Max retries exceeded with url: /mllm/v1/chat/completions (Caused by ReadTimeoutError("HTTPSConnectionPool(host=\'game.agaii.org\', port=443): Read timed out. (read timeout=240)"))'))
[ReasonBench] marked_unscorable example_id=0 strategy=self_verify error_records=3
[ReasonBench] request_retry attempt=2/7 backoff_s=2.0 error=ConnectionError(MaxRetryError('HTTPSConnectionPool(host=\'game.agaii.org\', port=443): Max retries exceeded with url: /mllm/v1/chat/completions (Caused by ReadTimeoutError("HTTPSConnectionPool(host=\'game.agaii.org\', port=443): Read timed out. (read timeout=240)"))'))
[ReasonBench] request_retry attempt=1/7 backoff_s=1.0 error=ConnectionError(MaxRetryError('HTTPSConnectionPool(host=\'game.agaii.org\', port=443): Max retries exceeded with url: /mllm/v1/chat/completions (Caused by ReadTimeoutError("HTTPSConnectionPool(host=\'game.agaii.org\', port=443): Read timed out. (read timeout=240)"))'))
[ReasonBench] request_retry attempt=3/7 backoff_s=4.0 error=ConnectionError(MaxRetryError('HTTPSConnectionPool(host=\'game.agaii.org\', port=443): Max retries exceeded with url: /mllm/v1/chat/completions (Caused by ReadTimeoutError("HTTPSConnectionPool(host=\'game.agaii.org\', port=443): Read timed out. (read timeout=240)"))'))
[ReasonBench] request_retry attempt=2/7 backoff_s=2.0 error=ConnectionError(MaxRetryError('HTTPSConnectionPool(host=\'game.agaii.org\', port=443): Max retries exceeded with url: /mllm/v1/chat/completions (Caused by ReadTimeoutError("HTTPSConnectionPool(host=\'game.agaii.org\', port=443): Read timed out. (read timeout=240)"))'))
[ReasonBench] request_retry attempt=4/7 backoff_s=8.0 error=ConnectionError(MaxRetryError('HTTPSConnectionPool(host=\'game.agaii.org\', port=443): Max retries exceeded with url: /mllm/v1/chat/completions (Caused by ReadTimeoutError("HTTPSConnectionPool(host=\'game.agaii.org\', port=443): Read timed out. (read timeout=240)"))'))
[ReasonBench] request_retry attempt=3/7 backoff_s=4.0 error=ConnectionError(MaxRetryError('HTTPSConnectionPool(host=\'game.agaii.org\', port=443): Max retries exceeded with url: /mllm/v1/chat/completions (Caused by ReadTimeoutError("HTTPSConnectionPool(host=\'game.agaii.org\', port=443): Read timed out. (read timeout=240)"))'))
[ReasonBench] request_retry attempt=5/7 backoff_s=12.0 error=ConnectionError(MaxRetryError('HTTPSConnectionPool(host=\'game.agaii.org\', port=443): Max retries exceeded with url: /mllm/v1/chat/completions (Caused by ReadTimeoutError("HTTPSConnectionPool(host=\'game.agaii.org\', port=443): Read timed out. (read timeout=240)"))'))
[ReasonBench] request_retry attempt=4/7 backoff_s=8.0 error=ConnectionError(MaxRetryError('HTTPSConnectionPool(host=\'game.agaii.org\', port=443): Max retries exceeded with url: /mllm/v1/chat/completions (Caused by ReadTimeoutError("HTTPSConnectionPool(host=\'game.agaii.org\', port=443): Read timed out. (read timeout=240)"))'))
[ReasonBench] request_retry attempt=6/7 backoff_s=12.0 error=ConnectionError(MaxRetryError('HTTPSConnectionPool(host=\'game.agaii.org\', port=443): Max retries exceeded with url: /mllm/v1/chat/completions (Caused by ReadTimeoutError("HTTPSConnectionPool(host=\'game.agaii.org\', port=443): Read timed out. (read timeout=240)"))'))
[ReasonBench] request_retry attempt=5/7 backoff_s=12.0 error=ConnectionError(MaxRetryError('HTTPSConnectionPool(host=\'game.agaii.org\', port=443): Max retries exceeded with url: /mllm/v1/chat/completions (Caused by ReadTimeoutError("HTTPSConnectionPool(host=\'game.agaii.org\', port=443): Read timed out. (read timeout=240)"))'))
[ReasonBench] error example_id=0 strategy=self_consistency error=ConnectionError(MaxRetryError('HTTPSConnectionPool(host=\'game.agaii.org\', port=443): Max retries exceeded with url: /mllm/v1/chat/completions (Caused by ReadTimeoutError("HTTPSConnectionPool(host=\'game.agaii.org\', port=443): Read timed out. (read timeout=240)"))'))
[ReasonBench] marked_unscorable example_id=0 strategy=self_consistency error_records=4
[ReasonBench] request_retry attempt=6/7 backoff_s=12.0 error=ConnectionError(MaxRetryError('HTTPSConnectionPool(host=\'game.agaii.org\', port=443): Max retries exceeded with url: /mllm/v1/chat/completions (Caused by ReadTimeoutError("HTTPSConnectionPool(host=\'game.agaii.org\', port=443): Read timed out. (read timeout=240)"))'))
[ReasonBench] request_retry attempt=1/7 backoff_s=1.0 error=ConnectionError(MaxRetryError('HTTPSConnectionPool(host=\'game.agaii.org\', port=443): Max retries exceeded with url: /mllm/v1/chat/completions (Caused by ReadTimeoutError("HTTPSConnectionPool(host=\'game.agaii.org\', port=443): Read timed out. (read timeout=240)"))'))
[ReasonBench] error example_id=0 strategy=selective_self_consistency error=ConnectionError(MaxRetryError('HTTPSConnectionPool(host=\'game.agaii.org\', port=443): Max retries exceeded with url: /mllm/v1/chat/completions (Caused by ReadTimeoutError("HTTPSConnectionPool(host=\'game.agaii.org\', port=443): Read timed out. (read timeout=240)"))'))
[ReasonBench] marked_unscorable example_id=0 strategy=selective_self_consistency error_records=5
[ReasonBench] request_retry attempt=2/7 backoff_s=2.0 error=ConnectionError(MaxRetryError('HTTPSConnectionPool(host=\'game.agaii.org\', port=443): Max retries exceeded with url: /mllm/v1/chat/completions (Caused by ReadTimeoutError("HTTPSConnectionPool(host=\'game.agaii.org\', port=443): Read timed out. (read timeout=240)"))'))
[ReasonBench] request_retry attempt=3/7 backoff_s=4.0 error=ConnectionError(MaxRetryError('HTTPSConnectionPool(host=\'game.agaii.org\', port=443): Max retries exceeded with url: /mllm/v1/chat/completions (Caused by ReadTimeoutError("HTTPSConnectionPool(host=\'game.agaii.org\', port=443): Read timed out. (read timeout=240)"))'))
[ReasonBench] request_retry attempt=1/7 backoff_s=1.0 error=ConnectionError(MaxRetryError('HTTPSConnectionPool(host=\'game.agaii.org\', port=443): Max retries exceeded with url: /mllm/v1/chat/completions (Caused by ReadTimeoutError("HTTPSConnectionPool(host=\'game.agaii.org\', port=443): Read timed out. (read timeout=240)"))'))
[ReasonBench] request_retry attempt=4/7 backoff_s=8.0 error=ConnectionError(MaxRetryError('HTTPSConnectionPool(host=\'game.agaii.org\', port=443): Max retries exceeded with url: /mllm/v1/chat/completions (Caused by ReadTimeoutError("HTTPSConnectionPool(host=\'game.agaii.org\', port=443): Read timed out. (read timeout=240)"))'))
[ReasonBench] request_retry attempt=2/7 backoff_s=2.0 error=ConnectionError(MaxRetryError('HTTPSConnectionPool(host=\'game.agaii.org\', port=443): Max retries exceeded with url: /mllm/v1/chat/completions (Caused by ReadTimeoutError("HTTPSConnectionPool(host=\'game.agaii.org\', port=443): Read timed out. (read timeout=240)"))'))
[ReasonBench] request_retry attempt=5/7 backoff_s=12.0 error=ConnectionError(MaxRetryError('HTTPSConnectionPool(host=\'game.agaii.org\', port=443): Max retries exceeded with url: /mllm/v1/chat/completions (Caused by ReadTimeoutError("HTTPSConnectionPool(host=\'game.agaii.org\', port=443): Read timed out. (read timeout=240)"))'))
[ReasonBench] request_retry attempt=3/7 backoff_s=4.0 error=ConnectionError(MaxRetryError('HTTPSConnectionPool(host=\'game.agaii.org\', port=443): Max retries exceeded with url: /mllm/v1/chat/completions (Caused by ReadTimeoutError("HTTPSConnectionPool(host=\'game.agaii.org\', port=443): Read timed out. (read timeout=240)"))'))
[ReasonBench] request_retry attempt=6/7 backoff_s=12.0 error=ConnectionError(MaxRetryError('HTTPSConnectionPool(host=\'game.agaii.org\', port=443): Max retries exceeded with url: /mllm/v1/chat/completions (Caused by ReadTimeoutError("HTTPSConnectionPool(host=\'game.agaii.org\', port=443): Read timed out. (read timeout=240)"))'))
[ReasonBench] request_retry attempt=4/7 backoff_s=8.0 error=ConnectionError(MaxRetryError('HTTPSConnectionPool(host=\'game.agaii.org\', port=443): Max retries exceeded with url: /mllm/v1/chat/completions (Caused by ReadTimeoutError("HTTPSConnectionPool(host=\'game.agaii.org\', port=443): Read timed out. (read timeout=240)"))'))
[ReasonBench] error example_id=0 strategy=budgeted_cascade error=ConnectionError(MaxRetryError('HTTPSConnectionPool(host=\'game.agaii.org\', port=443): Max retries exceeded with url: /mllm/v1/chat/completions (Caused by ReadTimeoutError("HTTPSConnectionPool(host=\'game.agaii.org\', port=443): Read timed out. (read timeout=240)"))'))
[ReasonBench] marked_unscorable example_id=0 strategy=budgeted_cascade error_records=6
[ReasonBench] request_retry attempt=5/7 backoff_s=12.0 error=ConnectionError(MaxRetryError('HTTPSConnectionPool(host=\'game.agaii.org\', port=443): Max retries exceeded with url: /mllm/v1/chat/completions (Caused by ReadTimeoutError("HTTPSConnectionPool(host=\'game.agaii.org\', port=443): Read timed out. (read timeout=240)"))'))
[ReasonBench] request_retry attempt=1/7 backoff_s=1.0 error=ConnectionError(MaxRetryError('HTTPSConnectionPool(host=\'game.agaii.org\', port=443): Max retries exceeded with url: /mllm/v1/chat/completions (Caused by ReadTimeoutError("HTTPSConnectionPool(host=\'game.agaii.org\', port=443): Read timed out. (read timeout=240)"))'))
[ReasonBench] request_retry attempt=6/7 backoff_s=12.0 error=ConnectionError(MaxRetryError('HTTPSConnectionPool(host=\'game.agaii.org\', port=443): Max retries exceeded with url: /mllm/v1/chat/completions (Caused by ReadTimeoutError("HTTPSConnectionPool(host=\'game.agaii.org\', port=443): Read timed out. (read timeout=240)"))'))
[ReasonBench] request_retry attempt=2/7 backoff_s=2.0 error=ConnectionError(MaxRetryError('HTTPSConnectionPool(host=\'game.agaii.org\', port=443): Max retries exceeded with url: /mllm/v1/chat/completions (Caused by ReadTimeoutError("HTTPSConnectionPool(host=\'game.agaii.org\', port=443): Read timed out. (read timeout=240)"))'))
[ReasonBench] error example_id=1 strategy=direct error=ConnectionError(MaxRetryError('HTTPSConnectionPool(host=\'game.agaii.org\', port=443): Max retries exceeded with url: /mllm/v1/chat/completions (Caused by ReadTimeoutError("HTTPSConnectionPool(host=\'game.agaii.org\', port=443): Read timed out. (read timeout=240)"))'))
[ReasonBench] marked_unscorable example_id=1 strategy=direct error_records=7
[ReasonBench] request_retry attempt=1/7 backoff_s=1.0 error=ConnectionError(MaxRetryError('HTTPSConnectionPool(host=\'game.agaii.org\', port=443): Max retries exceeded with url: /mllm/v1/chat/completions (Caused by ReadTimeoutError("HTTPSConnectionPool(host=\'game.agaii.org\', port=443): Read timed out. (read timeout=240)"))'))
[ReasonBench] request_retry attempt=1/7 backoff_s=1.0 error=ConnectionError(MaxRetryError('HTTPSConnectionPool(host=\'game.agaii.org\', port=443): Max retries exceeded with url: /mllm/v1/chat/completions (Caused by ReadTimeoutError("HTTPSConnectionPool(host=\'game.agaii.org\', port=443): Read timed out. (read timeout=240)"))'))
[ReasonBench] request_retry attempt=2/7 backoff_s=2.0 error=ConnectionError(MaxRetryError('HTTPSConnectionPool(host=\'game.agaii.org\', port=443): Max retries exceeded with url: /mllm/v1/chat/completions (Caused by ReadTimeoutError("HTTPSConnectionPool(host=\'game.agaii.org\', port=443): Read timed out. (read timeout=240)"))'))
[ReasonBench] request_retry attempt=2/7 backoff_s=2.0 error=ConnectionError(MaxRetryError('HTTPSConnectionPool(host=\'game.agaii.org\', port=443): Max retries exceeded with url: /mllm/v1/chat/completions (Caused by ReadTimeoutError("HTTPSConnectionPool(host=\'game.agaii.org\', port=443): Read timed out. (read timeout=240)"))'))
[ReasonBench] request_retry attempt=3/7 backoff_s=4.0 error=ConnectionError(MaxRetryError('HTTPSConnectionPool(host=\'game.agaii.org\', port=443): Max retries exceeded with url: /mllm/v1/chat/completions (Caused by ReadTimeoutError("HTTPSConnectionPool(host=\'game.agaii.org\', port=443): Read timed out. (read timeout=240)"))'))
[ReasonBench] request_retry attempt=3/7 backoff_s=4.0 error=ConnectionError(MaxRetryError('HTTPSConnectionPool(host=\'game.agaii.org\', port=443): Max retries exceeded with url: /mllm/v1/chat/completions (Caused by ReadTimeoutError("HTTPSConnectionPool(host=\'game.agaii.org\', port=443): Read timed out. (read timeout=240)"))'))
[ReasonBench] request_retry attempt=4/7 backoff_s=8.0 error=ConnectionError(MaxRetryError('HTTPSConnectionPool(host=\'game.agaii.org\', port=443): Max retries exceeded with url: /mllm/v1/chat/completions (Caused by ReadTimeoutError("HTTPSConnectionPool(host=\'game.agaii.org\', port=443): Read timed out. (read timeout=240)"))'))
[ReasonBench] request_retry attempt=4/7 backoff_s=8.0 error=ConnectionError(MaxRetryError('HTTPSConnectionPool(host=\'game.agaii.org\', port=443): Max retries exceeded with url: /mllm/v1/chat/completions (Caused by ReadTimeoutError("HTTPSConnectionPool(host=\'game.agaii.org\', port=443): Read timed out. (read timeout=240)"))'))
[ReasonBench] request_retry attempt=5/7 backoff_s=12.0 error=ConnectionError(MaxRetryError('HTTPSConnectionPool(host=\'game.agaii.org\', port=443): Max retries exceeded with url: /mllm/v1/chat/completions (Caused by ReadTimeoutError("HTTPSConnectionPool(host=\'game.agaii.org\', port=443): Read timed out. (read timeout=240)"))'))
[ReasonBench] request_retry attempt=5/7 backoff_s=12.0 error=ConnectionError(MaxRetryError('HTTPSConnectionPool(host=\'game.agaii.org\', port=443): Max retries exceeded with url: /mllm/v1/chat/completions (Caused by ReadTimeoutError("HTTPSConnectionPool(host=\'game.agaii.org\', port=443): Read timed out. (read timeout=240)"))'))
[ReasonBench] request_retry attempt=6/7 backoff_s=12.0 error=ConnectionError(MaxRetryError('HTTPSConnectionPool(host=\'game.agaii.org\', port=443): Max retries exceeded with url: /mllm/v1/chat/completions (Caused by ReadTimeoutError("HTTPSConnectionPool(host=\'game.agaii.org\', port=443): Read timed out. (read timeout=240)"))'))
[ReasonBench] request_retry attempt=6/7 backoff_s=12.0 error=ConnectionError(MaxRetryError('HTTPSConnectionPool(host=\'game.agaii.org\', port=443): Max retries exceeded with url: /mllm/v1/chat/completions (Caused by ReadTimeoutError("HTTPSConnectionPool(host=\'game.agaii.org\', port=443): Read timed out. (read timeout=240)"))'))
[ReasonBench] error example_id=1 strategy=constraint_decompose error=ConnectionError(MaxRetryError('HTTPSConnectionPool(host=\'game.agaii.org\', port=443): Max retries exceeded with url: /mllm/v1/chat/completions (Caused by ReadTimeoutError("HTTPSConnectionPool(host=\'game.agaii.org\', port=443): Read timed out. (read timeout=240)"))'))
[ReasonBench] marked_unscorable example_id=1 strategy=constraint_decompose error_records=8
[ReasonBench] error example_id=1 strategy=self_verify error=ConnectionError(MaxRetryError('HTTPSConnectionPool(host=\'game.agaii.org\', port=443): Max retries exceeded with url: /mllm/v1/chat/completions (Caused by ReadTimeoutError("HTTPSConnectionPool(host=\'game.agaii.org\', port=443): Read timed out. (read timeout=240)"))'))
[ReasonBench] marked_unscorable example_id=1 strategy=self_verify error_records=9
[ReasonBench] request_retry attempt=1/7 backoff_s=1.0 error=ConnectionError(MaxRetryError('HTTPSConnectionPool(host=\'game.agaii.org\', port=443): Max retries exceeded with url: /mllm/v1/chat/completions (Caused by ReadTimeoutError("HTTPSConnectionPool(host=\'game.agaii.org\', port=443): Read timed out. (read timeout=240)"))'))
[ReasonBench] request_retry attempt=1/7 backoff_s=1.0 error=ConnectionError(MaxRetryError('HTTPSConnectionPool(host=\'game.agaii.org\', port=443): Max retries exceeded with url: /mllm/v1/chat/completions (Caused by ReadTimeoutError("HTTPSConnectionPool(host=\'game.agaii.org\', port=443): Read timed out. (read timeout=240)"))'))
[ReasonBench] request_retry attempt=2/7 backoff_s=2.0 error=ConnectionError(MaxRetryError('HTTPSConnectionPool(host=\'game.agaii.org\', port=443): Max retries exceeded with url: /mllm/v1/chat/completions (Caused by ReadTimeoutError("HTTPSConnectionPool(host=\'game.agaii.org\', port=443): Read timed out. (read timeout=240)"))'))
[ReasonBench] request_retry attempt=2/7 backoff_s=2.0 error=ConnectionError(MaxRetryError('HTTPSConnectionPool(host=\'game.agaii.org\', port=443): Max retries exceeded with url: /mllm/v1/chat/completions (Caused by ReadTimeoutError("HTTPSConnectionPool(host=\'game.agaii.org\', port=443): Read timed out. (read timeout=240)"))'))
[ReasonBench] request_retry attempt=3/7 backoff_s=4.0 error=ConnectionError(MaxRetryError('HTTPSConnectionPool(host=\'game.agaii.org\', port=443): Max retries exceeded with url: /mllm/v1/chat/completions (Caused by ReadTimeoutError("HTTPSConnectionPool(host=\'game.agaii.org\', port=443): Read timed out. (read timeout=240)"))'))
[ReasonBench] request_retry attempt=3/7 backoff_s=4.0 error=ConnectionError(MaxRetryError('HTTPSConnectionPool(host=\'game.agaii.org\', port=443): Max retries exceeded with url: /mllm/v1/chat/completions (Caused by ReadTimeoutError("HTTPSConnectionPool(host=\'game.agaii.org\', port=443): Read timed out. (read timeout=240)"))'))
[ReasonBench] request_retry attempt=4/7 backoff_s=8.0 error=ConnectionError(MaxRetryError('HTTPSConnectionPool(host=\'game.agaii.org\', port=443): Max retries exceeded with url: /mllm/v1/chat/completions (Caused by ReadTimeoutError("HTTPSConnectionPool(host=\'game.agaii.org\', port=443): Read timed out. (read timeout=240)"))'))
[ReasonBench] request_retry attempt=4/7 backoff_s=8.0 error=ConnectionError(MaxRetryError('HTTPSConnectionPool(host=\'game.agaii.org\', port=443): Max retries exceeded with url: /mllm/v1/chat/completions (Caused by ReadTimeoutError("HTTPSConnectionPool(host=\'game.agaii.org\', port=443): Read timed out. (read timeout=240)"))'))
[ReasonBench] request_retry attempt=5/7 backoff_s=12.0 error=ConnectionError(MaxRetryError('HTTPSConnectionPool(host=\'game.agaii.org\', port=443): Max retries exceeded with url: /mllm/v1/chat/completions (Caused by ReadTimeoutError("HTTPSConnectionPool(host=\'game.agaii.org\', port=443): Read timed out. (read timeout=240)"))'))
[ReasonBench] request_retry attempt=5/7 backoff_s=12.0 error=ConnectionError(MaxRetryError('HTTPSConnectionPool(host=\'game.agaii.org\', port=443): Max retries exceeded with url: /mllm/v1/chat/completions (Caused by ReadTimeoutError("HTTPSConnectionPool(host=\'game.agaii.org\', port=443): Read timed out. (read timeout=240)"))'))
[ReasonBench] request_retry attempt=6/7 backoff_s=12.0 error=ConnectionError(MaxRetryError('HTTPSConnectionPool(host=\'game.agaii.org\', port=443): Max retries exceeded with url: /mllm/v1/chat/completions (Caused by ReadTimeoutError("HTTPSConnectionPool(host=\'game.agaii.org\', port=443): Read timed out. (read timeout=240)"))'))
[ReasonBench] request_retry attempt=6/7 backoff_s=12.0 error=ConnectionError(MaxRetryError('HTTPSConnectionPool(host=\'game.agaii.org\', port=443): Max retries exceeded with url: /mllm/v1/chat/completions (Caused by ReadTimeoutError("HTTPSConnectionPool(host=\'game.agaii.org\', port=443): Read timed out. (read timeout=240)"))'))
[ReasonBench] error example_id=1 strategy=critique_refine error=ConnectionError(MaxRetryError('HTTPSConnectionPool(host=\'game.agaii.org\', port=443): Max retries exceeded with url: /mllm/v1/chat/completions (Caused by ReadTimeoutError("HTTPSConnectionPool(host=\'game.agaii.org\', port=443): Read timed out. (read timeout=240)"))'))
[ReasonBench] marked_unscorable example_id=1 strategy=critique_refine error_records=10
[ReasonBench] error example_id=1 strategy=self_consistency error=ConnectionError(MaxRetryError('HTTPSConnectionPool(host=\'game.agaii.org\', port=443): Max retries exceeded with url: /mllm/v1/chat/completions (Caused by ReadTimeoutError("HTTPSConnectionPool(host=\'game.agaii.org\', port=443): Read timed out. (read timeout=240)"))'))
[ReasonBench] marked_unscorable example_id=1 strategy=self_consistency error_records=11
[ReasonBench] request_retry attempt=1/7 backoff_s=1.0 error=ConnectionError(MaxRetryError('HTTPSConnectionPool(host=\'game.agaii.org\', port=443): Max retries exceeded with url: /mllm/v1/chat/completions (Caused by ReadTimeoutError("HTTPSConnectionPool(host=\'game.agaii.org\', port=443): Read timed out. (read timeout=240)"))'))
[ReasonBench] request_retry attempt=1/7 backoff_s=1.0 error=ConnectionError(MaxRetryError('HTTPSConnectionPool(host=\'game.agaii.org\', port=443): Max retries exceeded with url: /mllm/v1/chat/completions (Caused by ReadTimeoutError("HTTPSConnectionPool(host=\'game.agaii.org\', port=443): Read timed out. (read timeout=240)"))'))
[ReasonBench] request_retry attempt=2/7 backoff_s=2.0 error=ConnectionError(MaxRetryError('HTTPSConnectionPool(host=\'game.agaii.org\', port=443): Max retries exceeded with url: /mllm/v1/chat/completions (Caused by ReadTimeoutError("HTTPSConnectionPool(host=\'game.agaii.org\', port=443): Read timed out. (read timeout=240)"))'))
[ReasonBench] request_retry attempt=2/7 backoff_s=2.0 error=ConnectionError(MaxRetryError('HTTPSConnectionPool(host=\'game.agaii.org\', port=443): Max retries exceeded with url: /mllm/v1/chat/completions (Caused by ReadTimeoutError("HTTPSConnectionPool(host=\'game.agaii.org\', port=443): Read timed out. (read timeout=240)"))'))
[ReasonBench] request_retry attempt=3/7 backoff_s=4.0 error=ConnectionError(MaxRetryError('HTTPSConnectionPool(host=\'game.agaii.org\', port=443): Max retries exceeded with url: /mllm/v1/chat/completions (Caused by ReadTimeoutError("HTTPSConnectionPool(host=\'game.agaii.org\', port=443): Read timed out. (read timeout=240)"))'))
[ReasonBench] request_retry attempt=3/7 backoff_s=4.0 error=ConnectionError(MaxRetryError('HTTPSConnectionPool(host=\'game.agaii.org\', port=443): Max retries exceeded with url: /mllm/v1/chat/completions (Caused by ReadTimeoutError("HTTPSConnectionPool(host=\'game.agaii.org\', port=443): Read timed out. (read timeout=240)"))'))
[ReasonBench] request_retry attempt=4/7 backoff_s=8.0 error=ConnectionError(MaxRetryError('HTTPSConnectionPool(host=\'game.agaii.org\', port=443): Max retries exceeded with url: /mllm/v1/chat/completions (Caused by ReadTimeoutError("HTTPSConnectionPool(host=\'game.agaii.org\', port=443): Read timed out. (read timeout=240)"))'))
[ReasonBench] request_retry attempt=4/7 backoff_s=8.0 error=ConnectionError(MaxRetryError('HTTPSConnectionPool(host=\'game.agaii.org\', port=443): Max retries exceeded with url: /mllm/v1/chat/completions (Caused by ReadTimeoutError("HTTPSConnectionPool(host=\'game.agaii.org\', port=443): Read timed out. (read timeout=240)"))'))
[ReasonBench] request_retry attempt=5/7 backoff_s=12.0 error=ConnectionError(MaxRetryError('HTTPSConnectionPool(host=\'game.agaii.org\', port=443): Max retries exceeded with url: /mllm/v1/chat/completions (Caused by ReadTimeoutError("HTTPSConnectionPool(host=\'game.agaii.org\', port=443): Read timed out. (read timeout=240)"))'))
[ReasonBench] request_retry attempt=5/7 backoff_s=12.0 error=ConnectionError(MaxRetryError('HTTPSConnectionPool(host=\'game.agaii.org\', port=443): Max retries exceeded with url: /mllm/v1/chat/completions (Caused by ReadTimeoutError("HTTPSConnectionPool(host=\'game.agaii.org\', port=443): Read timed out. (read timeout=240)"))'))
[ReasonBench] request_retry attempt=6/7 backoff_s=12.0 error=ConnectionError(MaxRetryError('HTTPSConnectionPool(host=\'game.agaii.org\', port=443): Max retries exceeded with url: /mllm/v1/chat/completions (Caused by ReadTimeoutError("HTTPSConnectionPool(host=\'game.agaii.org\', port=443): Read timed out. (read timeout=240)"))'))
[ReasonBench] request_retry attempt=1/7 backoff_s=1.0 error=ConnectionError(MaxRetryError('HTTPSConnectionPool(host=\'game.agaii.org\', port=443): Max retries exceeded with url: /mllm/v1/chat/completions (Caused by ReadTimeoutError("HTTPSConnectionPool(host=\'game.agaii.org\', port=443): Read timed out. (read timeout=240)"))'))
[ReasonBench] error example_id=1 strategy=selective_self_consistency error=ConnectionError(MaxRetryError('HTTPSConnectionPool(host=\'game.agaii.org\', port=443): Max retries exceeded with url: /mllm/v1/chat/completions (Caused by ReadTimeoutError("HTTPSConnectionPool(host=\'game.agaii.org\', port=443): Read timed out. (read timeout=240)"))'))
[ReasonBench] marked_unscorable example_id=1 strategy=selective_self_consistency error_records=12
[ReasonBench] request_retry attempt=1/7 backoff_s=1.0 error=ConnectionError(MaxRetryError('HTTPSConnectionPool(host=\'game.agaii.org\', port=443): Max retries exceeded with url: /mllm/v1/chat/completions (Caused by ReadTimeoutError("HTTPSConnectionPool(host=\'game.agaii.org\', port=443): Read timed out. (read timeout=240)"))'))
[ReasonBench] request_retry attempt=1/7 backoff_s=1.0 error=ConnectionError(MaxRetryError('HTTPSConnectionPool(host=\'game.agaii.org\', port=443): Max retries exceeded with url: /mllm/v1/chat/completions (Caused by ReadTimeoutError("HTTPSConnectionPool(host=\'game.agaii.org\', port=443): Read timed out. (read timeout=240)"))'))
[ReasonBench] request_retry attempt=2/7 backoff_s=2.0 error=ConnectionError(MaxRetryError('HTTPSConnectionPool(host=\'game.agaii.org\', port=443): Max retries exceeded with url: /mllm/v1/chat/completions (Caused by ReadTimeoutError("HTTPSConnectionPool(host=\'game.agaii.org\', port=443): Read timed out. (read timeout=240)"))'))
[ReasonBench] request_retry attempt=2/7 backoff_s=2.0 error=ConnectionError(MaxRetryError('HTTPSConnectionPool(host=\'game.agaii.org\', port=443): Max retries exceeded with url: /mllm/v1/chat/completions (Caused by ReadTimeoutError("HTTPSConnectionPool(host=\'game.agaii.org\', port=443): Read timed out. (read timeout=240)"))'))
[ReasonBench] request_retry attempt=3/7 backoff_s=4.0 error=ConnectionError(MaxRetryError('HTTPSConnectionPool(host=\'game.agaii.org\', port=443): Max retries exceeded with url: /mllm/v1/chat/completions (Caused by ReadTimeoutError("HTTPSConnectionPool(host=\'game.agaii.org\', port=443): Read timed out. (read timeout=240)"))'))
[ReasonBench] request_retry attempt=3/7 backoff_s=4.0 error=ConnectionError(MaxRetryError('HTTPSConnectionPool(host=\'game.agaii.org\', port=443): Max retries exceeded with url: /mllm/v1/chat/completions (Caused by ReadTimeoutError("HTTPSConnectionPool(host=\'game.agaii.org\', port=443): Read timed out. (read timeout=240)"))'))
[ReasonBench] request_retry attempt=4/7 backoff_s=8.0 error=ConnectionError(MaxRetryError('HTTPSConnectionPool(host=\'game.agaii.org\', port=443): Max retries exceeded with url: /mllm/v1/chat/completions (Caused by ReadTimeoutError("HTTPSConnectionPool(host=\'game.agaii.org\', port=443): Read timed out. (read timeout=240)"))'))
[ReasonBench] request_retry attempt=4/7 backoff_s=8.0 error=ConnectionError(MaxRetryError('HTTPSConnectionPool(host=\'game.agaii.org\', port=443): Max retries exceeded with url: /mllm/v1/chat/completions (Caused by ReadTimeoutError("HTTPSConnectionPool(host=\'game.agaii.org\', port=443): Read timed out. (read timeout=240)"))'))
[ReasonBench] request_retry attempt=5/7 backoff_s=12.0 error=ConnectionError(MaxRetryError('HTTPSConnectionPool(host=\'game.agaii.org\', port=443): Max retries exceeded with url: /mllm/v1/chat/completions (Caused by ReadTimeoutError("HTTPSConnectionPool(host=\'game.agaii.org\', port=443): Read timed out. (read timeout=240)"))'))
[ReasonBench] request_retry attempt=5/7 backoff_s=12.0 error=ConnectionError(MaxRetryError('HTTPSConnectionPool(host=\'game.agaii.org\', port=443): Max retries exceeded with url: /mllm/v1/chat/completions (Caused by ReadTimeoutError("HTTPSConnectionPool(host=\'game.agaii.org\', port=443): Read timed out. (read timeout=240)"))'))
[ReasonBench] request_retry attempt=6/7 backoff_s=12.0 error=ConnectionError(MaxRetryError('HTTPSConnectionPool(host=\'game.agaii.org\', port=443): Max retries exceeded with url: /mllm/v1/chat/completions (Caused by ReadTimeoutError("HTTPSConnectionPool(host=\'game.agaii.org\', port=443): Read timed out. (read timeout=240)"))'))
[ReasonBench] request_retry attempt=6/7 backoff_s=12.0 error=ConnectionError(MaxRetryError('HTTPSConnectionPool(host=\'game.agaii.org\', port=443): Max retries exceeded with url: /mllm/v1/chat/completions (Caused by ReadTimeoutError("HTTPSConnectionPool(host=\'game.agaii.org\', port=443): Read timed out. (read timeout=240)"))'))
[ReasonBench] error example_id=2 strategy=constraint_decompose error=ConnectionError(MaxRetryError('HTTPSConnectionPool(host=\'game.agaii.org\', port=443): Max retries exceeded with url: /mllm/v1/chat/completions (Caused by ReadTimeoutError("HTTPSConnectionPool(host=\'game.agaii.org\', port=443): Read timed out. (read timeout=240)"))'))
[ReasonBench] marked_unscorable example_id=2 strategy=constraint_decompose error_records=13
[ReasonBench] request_retry attempt=1/7 backoff_s=1.0 error=ConnectionError(MaxRetryError('HTTPSConnectionPool(host=\'game.agaii.org\', port=443): Max retries exceeded with url: /mllm/v1/chat/completions (Caused by ReadTimeoutError("HTTPSConnectionPool(host=\'game.agaii.org\', port=443): Read timed out. (read timeout=240)"))'))
[ReasonBench] request_retry attempt=1/7 backoff_s=1.0 error=ConnectionError(MaxRetryError('HTTPSConnectionPool(host=\'game.agaii.org\', port=443): Max retries exceeded with url: /mllm/v1/chat/completions (Caused by ReadTimeoutError("HTTPSConnectionPool(host=\'game.agaii.org\', port=443): Read timed out. (read timeout=240)"))'))
[ReasonBench] request_retry attempt=2/7 backoff_s=2.0 error=ConnectionError(MaxRetryError('HTTPSConnectionPool(host=\'game.agaii.org\', port=443): Max retries exceeded with url: /mllm/v1/chat/completions (Caused by ReadTimeoutError("HTTPSConnectionPool(host=\'game.agaii.org\', port=443): Read timed out. (read timeout=240)"))'))
[ReasonBench] request_retry attempt=2/7 backoff_s=2.0 error=ConnectionError(MaxRetryError('HTTPSConnectionPool(host=\'game.agaii.org\', port=443): Max retries exceeded with url: /mllm/v1/chat/completions (Caused by ReadTimeoutError("HTTPSConnectionPool(host=\'game.agaii.org\', port=443): Read timed out. (read timeout=240)"))'))
[ReasonBench] request_retry attempt=3/7 backoff_s=4.0 error=ConnectionError(MaxRetryError('HTTPSConnectionPool(host=\'game.agaii.org\', port=443): Max retries exceeded with url: /mllm/v1/chat/completions (Caused by ReadTimeoutError("HTTPSConnectionPool(host=\'game.agaii.org\', port=443): Read timed out. (read timeout=240)"))'))
[ReasonBench] request_retry attempt=3/7 backoff_s=4.0 error=ConnectionError(MaxRetryError('HTTPSConnectionPool(host=\'game.agaii.org\', port=443): Max retries exceeded with url: /mllm/v1/chat/completions (Caused by ReadTimeoutError("HTTPSConnectionPool(host=\'game.agaii.org\', port=443): Read timed out. (read timeout=240)"))'))
[ReasonBench] request_retry attempt=4/7 backoff_s=8.0 error=ConnectionError(MaxRetryError('HTTPSConnectionPool(host=\'game.agaii.org\', port=443): Max retries exceeded with url: /mllm/v1/chat/completions (Caused by ReadTimeoutError("HTTPSConnectionPool(host=\'game.agaii.org\', port=443): Read timed out. (read timeout=240)"))'))
[ReasonBench] request_retry attempt=4/7 backoff_s=8.0 error=ConnectionError(MaxRetryError('HTTPSConnectionPool(host=\'game.agaii.org\', port=443): Max retries exceeded with url: /mllm/v1/chat/completions (Caused by ReadTimeoutError("HTTPSConnectionPool(host=\'game.agaii.org\', port=443): Read timed out. (read timeout=240)"))'))
[ReasonBench] request_retry attempt=5/7 backoff_s=12.0 error=ConnectionError(MaxRetryError('HTTPSConnectionPool(host=\'game.agaii.org\', port=443): Max retries exceeded with url: /mllm/v1/chat/completions (Caused by ReadTimeoutError("HTTPSConnectionPool(host=\'game.agaii.org\', port=443): Read timed out. (read timeout=240)"))'))
[ReasonBench] request_retry attempt=1/7 backoff_s=1.0 error=ConnectionError(MaxRetryError('HTTPSConnectionPool(host=\'game.agaii.org\', port=443): Max retries exceeded with url: /mllm/v1/chat/completions (Caused by ReadTimeoutError("HTTPSConnectionPool(host=\'game.agaii.org\', port=443): Read timed out. (read timeout=240)"))'))
[ReasonBench] request_retry attempt=6/7 backoff_s=12.0 error=ConnectionError(MaxRetryError('HTTPSConnectionPool(host=\'game.agaii.org\', port=443): Max retries exceeded with url: /mllm/v1/chat/completions (Caused by ReadTimeoutError("HTTPSConnectionPool(host=\'game.agaii.org\', port=443): Read timed out. (read timeout=240)"))'))
[ReasonBench] request_retry attempt=2/7 backoff_s=2.0 error=ConnectionError(MaxRetryError('HTTPSConnectionPool(host=\'game.agaii.org\', port=443): Max retries exceeded with url: /mllm/v1/chat/completions (Caused by ReadTimeoutError("HTTPSConnectionPool(host=\'game.agaii.org\', port=443): Read timed out. (read timeout=240)"))'))
[ReasonBench] error example_id=2 strategy=critique_refine error=ConnectionError(MaxRetryError('HTTPSConnectionPool(host=\'game.agaii.org\', port=443): Max retries exceeded with url: /mllm/v1/chat/completions (Caused by ReadTimeoutError("HTTPSConnectionPool(host=\'game.agaii.org\', port=443): Read timed out. (read timeout=240)"))'))
[ReasonBench] marked_unscorable example_id=2 strategy=critique_refine error_records=14
[ReasonBench] request_retry attempt=1/7 backoff_s=1.0 error=ConnectionError(MaxRetryError('HTTPSConnectionPool(host=\'game.agaii.org\', port=443): Max retries exceeded with url: /mllm/v1/chat/completions (Caused by ReadTimeoutError("HTTPSConnectionPool(host=\'game.agaii.org\', port=443): Read timed out. (read timeout=240)"))'))
[ReasonBench] request_retry attempt=1/7 backoff_s=1.0 error=ConnectionError(MaxRetryError('HTTPSConnectionPool(host=\'game.agaii.org\', port=443): Max retries exceeded with url: /mllm/v1/chat/completions (Caused by ReadTimeoutError("HTTPSConnectionPool(host=\'game.agaii.org\', port=443): Read timed out. (read timeout=240)"))'))
[ReasonBench] request_retry attempt=2/7 backoff_s=2.0 error=ConnectionError(MaxRetryError('HTTPSConnectionPool(host=\'game.agaii.org\', port=443): Max retries exceeded with url: /mllm/v1/chat/completions (Caused by ReadTimeoutError("HTTPSConnectionPool(host=\'game.agaii.org\', port=443): Read timed out. (read timeout=240)"))'))
[ReasonBench] request_retry attempt=2/7 backoff_s=2.0 error=ConnectionError(MaxRetryError('HTTPSConnectionPool(host=\'game.agaii.org\', port=443): Max retries exceeded with url: /mllm/v1/chat/completions (Caused by ReadTimeoutError("HTTPSConnectionPool(host=\'game.agaii.org\', port=443): Read timed out. (read timeout=240)"))'))
[ReasonBench] request_retry attempt=3/7 backoff_s=4.0 error=ConnectionError(MaxRetryError('HTTPSConnectionPool(host=\'game.agaii.org\', port=443): Max retries exceeded with url: /mllm/v1/chat/completions (Caused by ReadTimeoutError("HTTPSConnectionPool(host=\'game.agaii.org\', port=443): Read timed out. (read timeout=240)"))'))
[ReasonBench] request_retry attempt=3/7 backoff_s=4.0 error=ConnectionError(MaxRetryError('HTTPSConnectionPool(host=\'game.agaii.org\', port=443): Max retries exceeded with url: /mllm/v1/chat/completions (Caused by ReadTimeoutError("HTTPSConnectionPool(host=\'game.agaii.org\', port=443): Read timed out. (read timeout=240)"))'))
[ReasonBench] request_retry attempt=4/7 backoff_s=8.0 error=ConnectionError(MaxRetryError('HTTPSConnectionPool(host=\'game.agaii.org\', port=443): Max retries exceeded with url: /mllm/v1/chat/completions (Caused by ReadTimeoutError("HTTPSConnectionPool(host=\'game.agaii.org\', port=443): Read timed out. (read timeout=240)"))'))
[ReasonBench] request_retry attempt=4/7 backoff_s=8.0 error=ConnectionError(MaxRetryError('HTTPSConnectionPool(host=\'game.agaii.org\', port=443): Max retries exceeded with url: /mllm/v1/chat/completions (Caused by ReadTimeoutError("HTTPSConnectionPool(host=\'game.agaii.org\', port=443): Read timed out. (read timeout=240)"))'))
[ReasonBench] request_retry attempt=5/7 backoff_s=12.0 error=ConnectionError(MaxRetryError('HTTPSConnectionPool(host=\'game.agaii.org\', port=443): Max retries exceeded with url: /mllm/v1/chat/completions (Caused by ReadTimeoutError("HTTPSConnectionPool(host=\'game.agaii.org\', port=443): Read timed out. (read timeout=240)"))'))
[ReasonBench] request_retry attempt=5/7 backoff_s=12.0 error=ConnectionError(MaxRetryError('HTTPSConnectionPool(host=\'game.agaii.org\', port=443): Max retries exceeded with url: /mllm/v1/chat/completions (Caused by ReadTimeoutError("HTTPSConnectionPool(host=\'game.agaii.org\', port=443): Read timed out. (read timeout=240)"))'))
[ReasonBench] request_retry attempt=6/7 backoff_s=12.0 error=ConnectionError(MaxRetryError('HTTPSConnectionPool(host=\'game.agaii.org\', port=443): Max retries exceeded with url: /mllm/v1/chat/completions (Caused by ReadTimeoutError("HTTPSConnectionPool(host=\'game.agaii.org\', port=443): Read timed out. (read timeout=240)"))'))
[ReasonBench] request_retry attempt=6/7 backoff_s=12.0 error=ConnectionError(MaxRetryError('HTTPSConnectionPool(host=\'game.agaii.org\', port=443): Max retries exceeded with url: /mllm/v1/chat/completions (Caused by ReadTimeoutError("HTTPSConnectionPool(host=\'game.agaii.org\', port=443): Read timed out. (read timeout=240)"))'))
[ReasonBench] error example_id=2 strategy=self_consistency error=ConnectionError(MaxRetryError('HTTPSConnectionPool(host=\'game.agaii.org\', port=443): Max retries exceeded with url: /mllm/v1/chat/completions (Caused by ReadTimeoutError("HTTPSConnectionPool(host=\'game.agaii.org\', port=443): Read timed out. (read timeout=240)"))'))
[ReasonBench] marked_unscorable example_id=2 strategy=self_consistency error_records=15
[ReasonBench] error example_id=2 strategy=selective_self_consistency error=ConnectionError(MaxRetryError('HTTPSConnectionPool(host=\'game.agaii.org\', port=443): Max retries exceeded with url: /mllm/v1/chat/completions (Caused by ReadTimeoutError("HTTPSConnectionPool(host=\'game.agaii.org\', port=443): Read timed out. (read timeout=240)"))'))
[ReasonBench] marked_unscorable example_id=2 strategy=selective_self_consistency error_records=16
[ReasonBench] request_retry attempt=1/7 backoff_s=1.0 error=ConnectionError(MaxRetryError('HTTPSConnectionPool(host=\'game.agaii.org\', port=443): Max retries exceeded with url: /mllm/v1/chat/completions (Caused by ReadTimeoutError("HTTPSConnectionPool(host=\'game.agaii.org\', port=443): Read timed out. (read timeout=240)"))'))
[ReasonBench] request_retry attempt=1/7 backoff_s=1.0 error=ConnectionError(MaxRetryError('HTTPSConnectionPool(host=\'game.agaii.org\', port=443): Max retries exceeded with url: /mllm/v1/chat/completions (Caused by ReadTimeoutError("HTTPSConnectionPool(host=\'game.agaii.org\', port=443): Read timed out. (read timeout=240)"))'))
[ReasonBench] request_retry attempt=2/7 backoff_s=2.0 error=ConnectionError(MaxRetryError('HTTPSConnectionPool(host=\'game.agaii.org\', port=443): Max retries exceeded with url: /mllm/v1/chat/completions (Caused by ReadTimeoutError("HTTPSConnectionPool(host=\'game.agaii.org\', port=443): Read timed out. (read timeout=240)"))'))
[ReasonBench] request_retry attempt=1/7 backoff_s=1.0 error=ConnectionError(MaxRetryError('HTTPSConnectionPool(host=\'game.agaii.org\', port=443): Max retries exceeded with url: /mllm/v1/chat/completions (Caused by ReadTimeoutError("HTTPSConnectionPool(host=\'game.agaii.org\', port=443): Read timed out. (read timeout=240)"))'))
[ReasonBench] request_retry attempt=3/7 backoff_s=4.0 error=ConnectionError(MaxRetryError('HTTPSConnectionPool(host=\'game.agaii.org\', port=443): Max retries exceeded with url: /mllm/v1/chat/completions (Caused by ReadTimeoutError("HTTPSConnectionPool(host=\'game.agaii.org\', port=443): Read timed out. (read timeout=240)"))'))
[ReasonBench] request_retry attempt=2/7 backoff_s=2.0 error=ConnectionError(MaxRetryError('HTTPSConnectionPool(host=\'game.agaii.org\', port=443): Max retries exceeded with url: /mllm/v1/chat/completions (Caused by ReadTimeoutError("HTTPSConnectionPool(host=\'game.agaii.org\', port=443): Read timed out. (read timeout=240)"))'))
[ReasonBench] request_retry attempt=4/7 backoff_s=8.0 error=ConnectionError(MaxRetryError('HTTPSConnectionPool(host=\'game.agaii.org\', port=443): Max retries exceeded with url: /mllm/v1/chat/completions (Caused by ReadTimeoutError("HTTPSConnectionPool(host=\'game.agaii.org\', port=443): Read timed out. (read timeout=240)"))'))
[ReasonBench] request_retry attempt=3/7 backoff_s=4.0 error=ConnectionError(MaxRetryError('HTTPSConnectionPool(host=\'game.agaii.org\', port=443): Max retries exceeded with url: /mllm/v1/chat/completions (Caused by ReadTimeoutError("HTTPSConnectionPool(host=\'game.agaii.org\', port=443): Read timed out. (read timeout=240)"))'))
[ReasonBench] request_retry attempt=5/7 backoff_s=12.0 error=ConnectionError(MaxRetryError('HTTPSConnectionPool(host=\'game.agaii.org\', port=443): Max retries exceeded with url: /mllm/v1/chat/completions (Caused by ReadTimeoutError("HTTPSConnectionPool(host=\'game.agaii.org\', port=443): Read timed out. (read timeout=240)"))'))
[ReasonBench] request_retry attempt=4/7 backoff_s=8.0 error=ConnectionError(MaxRetryError('HTTPSConnectionPool(host=\'game.agaii.org\', port=443): Max retries exceeded with url: /mllm/v1/chat/completions (Caused by ReadTimeoutError("HTTPSConnectionPool(host=\'game.agaii.org\', port=443): Read timed out. (read timeout=240)"))'))
[ReasonBench] request_retry attempt=6/7 backoff_s=12.0 error=ConnectionError(MaxRetryError('HTTPSConnectionPool(host=\'game.agaii.org\', port=443): Max retries exceeded with url: /mllm/v1/chat/completions (Caused by ReadTimeoutError("HTTPSConnectionPool(host=\'game.agaii.org\', port=443): Read timed out. (read timeout=240)"))'))
[ReasonBench] request_retry attempt=5/7 backoff_s=12.0 error=ConnectionError(MaxRetryError('HTTPSConnectionPool(host=\'game.agaii.org\', port=443): Max retries exceeded with url: /mllm/v1/chat/completions (Caused by ReadTimeoutError("HTTPSConnectionPool(host=\'game.agaii.org\', port=443): Read timed out. (read timeout=240)"))'))
[ReasonBench] error example_id=2 strategy=few_shot_exemplar error=ConnectionError(MaxRetryError('HTTPSConnectionPool(host=\'game.agaii.org\', port=443): Max retries exceeded with url: /mllm/v1/chat/completions (Caused by ReadTimeoutError("HTTPSConnectionPool(host=\'game.agaii.org\', port=443): Read timed out. (read timeout=240)"))'))
[ReasonBench] marked_unscorable example_id=2 strategy=few_shot_exemplar error_records=17
[ReasonBench] request_retry attempt=6/7 backoff_s=12.0 error=ConnectionError(MaxRetryError('HTTPSConnectionPool(host=\'game.agaii.org\', port=443): Max retries exceeded with url: /mllm/v1/chat/completions (Caused by ReadTimeoutError("HTTPSConnectionPool(host=\'game.agaii.org\', port=443): Read timed out. (read timeout=240)"))'))
[ReasonBench] request_retry attempt=1/7 backoff_s=1.0 error=ConnectionError(MaxRetryError('HTTPSConnectionPool(host=\'game.agaii.org\', port=443): Max retries exceeded with url: /mllm/v1/chat/completions (Caused by ReadTimeoutError("HTTPSConnectionPool(host=\'game.agaii.org\', port=443): Read timed out. (read timeout=240)"))'))
[ReasonBench] error example_id=3 strategy=concise_cot error=ConnectionError(MaxRetryError('HTTPSConnectionPool(host=\'game.agaii.org\', port=443): Max retries exceeded with url: /mllm/v1/chat/completions (Caused by ReadTimeoutError("HTTPSConnectionPool(host=\'game.agaii.org\', port=443): Read timed out. (read timeout=240)"))'))
[ReasonBench] marked_unscorable example_id=3 strategy=concise_cot error_records=18
[ReasonBench] request_retry attempt=2/7 backoff_s=2.0 error=ConnectionError(MaxRetryError('HTTPSConnectionPool(host=\'game.agaii.org\', port=443): Max retries exceeded with url: /mllm/v1/chat/completions (Caused by ReadTimeoutError("HTTPSConnectionPool(host=\'game.agaii.org\', port=443): Read timed out. (read timeout=240)"))'))
[ReasonBench] request_retry attempt=1/7 backoff_s=1.0 error=ConnectionError(MaxRetryError('HTTPSConnectionPool(host=\'game.agaii.org\', port=443): Max retries exceeded with url: /mllm/v1/chat/completions (Caused by ReadTimeoutError("HTTPSConnectionPool(host=\'game.agaii.org\', port=443): Read timed out. (read timeout=240)"))'))
[ReasonBench] request_retry attempt=3/7 backoff_s=4.0 error=ConnectionError(MaxRetryError('HTTPSConnectionPool(host=\'game.agaii.org\', port=443): Max retries exceeded with url: /mllm/v1/chat/completions (Caused by ReadTimeoutError("HTTPSConnectionPool(host=\'game.agaii.org\', port=443): Read timed out. (read timeout=240)"))'))
[ReasonBench] request_retry attempt=2/7 backoff_s=2.0 error=ConnectionError(MaxRetryError('HTTPSConnectionPool(host=\'game.agaii.org\', port=443): Max retries exceeded with url: /mllm/v1/chat/completions (Caused by ReadTimeoutError("HTTPSConnectionPool(host=\'game.agaii.org\', port=443): Read timed out. (read timeout=240)"))'))
[ReasonBench] request_retry attempt=4/7 backoff_s=8.0 error=ConnectionError(MaxRetryError('HTTPSConnectionPool(host=\'game.agaii.org\', port=443): Max retries exceeded with url: /mllm/v1/chat/completions (Caused by ReadTimeoutError("HTTPSConnectionPool(host=\'game.agaii.org\', port=443): Read timed out. (read timeout=240)"))'))
[ReasonBench] request_retry attempt=3/7 backoff_s=4.0 error=ConnectionError(MaxRetryError('HTTPSConnectionPool(host=\'game.agaii.org\', port=443): Max retries exceeded with url: /mllm/v1/chat/completions (Caused by ReadTimeoutError("HTTPSConnectionPool(host=\'game.agaii.org\', port=443): Read timed out. (read timeout=240)"))'))
[ReasonBench] request_retry attempt=5/7 backoff_s=12.0 error=ConnectionError(MaxRetryError('HTTPSConnectionPool(host=\'game.agaii.org\', port=443): Max retries exceeded with url: /mllm/v1/chat/completions (Caused by ReadTimeoutError("HTTPSConnectionPool(host=\'game.agaii.org\', port=443): Read timed out. (read timeout=240)"))'))
[ReasonBench] request_retry attempt=4/7 backoff_s=8.0 error=ConnectionError(MaxRetryError('HTTPSConnectionPool(host=\'game.agaii.org\', port=443): Max retries exceeded with url: /mllm/v1/chat/completions (Caused by ReadTimeoutError("HTTPSConnectionPool(host=\'game.agaii.org\', port=443): Read timed out. (read timeout=240)"))'))
[ReasonBench] request_retry attempt=6/7 backoff_s=12.0 error=ConnectionError(MaxRetryError('HTTPSConnectionPool(host=\'game.agaii.org\', port=443): Max retries exceeded with url: /mllm/v1/chat/completions (Caused by ReadTimeoutError("HTTPSConnectionPool(host=\'game.agaii.org\', port=443): Read timed out. (read timeout=240)"))'))
[ReasonBench] request_retry attempt=5/7 backoff_s=12.0 error=ConnectionError(MaxRetryError('HTTPSConnectionPool(host=\'game.agaii.org\', port=443): Max retries exceeded with url: /mllm/v1/chat/completions (Caused by ReadTimeoutError("HTTPSConnectionPool(host=\'game.agaii.org\', port=443): Read timed out. (read timeout=240)"))'))
[ReasonBench] error example_id=3 strategy=least_to_most error=ConnectionError(MaxRetryError('HTTPSConnectionPool(host=\'game.agaii.org\', port=443): Max retries exceeded with url: /mllm/v1/chat/completions (Caused by ReadTimeoutError("HTTPSConnectionPool(host=\'game.agaii.org\', port=443): Read timed out. (read timeout=240)"))'))
[ReasonBench] marked_unscorable example_id=3 strategy=least_to_most error_records=19
[ReasonBench] request_retry attempt=6/7 backoff_s=12.0 error=ConnectionError(MaxRetryError('HTTPSConnectionPool(host=\'game.agaii.org\', port=443): Max retries exceeded with url: /mllm/v1/chat/completions (Caused by ReadTimeoutError("HTTPSConnectionPool(host=\'game.agaii.org\', port=443): Read timed out. (read timeout=240)"))'))
[ReasonBench] request_retry attempt=1/7 backoff_s=1.0 error=ConnectionError(MaxRetryError('HTTPSConnectionPool(host=\'game.agaii.org\', port=443): Max retries exceeded with url: /mllm/v1/chat/completions (Caused by ReadTimeoutError("HTTPSConnectionPool(host=\'game.agaii.org\', port=443): Read timed out. (read timeout=240)"))'))
[ReasonBench] error example_id=3 strategy=constraint_decompose error=ConnectionError(MaxRetryError('HTTPSConnectionPool(host=\'game.agaii.org\', port=443): Max retries exceeded with url: /mllm/v1/chat/completions (Caused by ReadTimeoutError("HTTPSConnectionPool(host=\'game.agaii.org\', port=443): Read timed out. (read timeout=240)"))'))
[ReasonBench] marked_unscorable example_id=3 strategy=constraint_decompose error_records=20
[ReasonBench] request_retry attempt=2/7 backoff_s=2.0 error=ConnectionError(MaxRetryError('HTTPSConnectionPool(host=\'game.agaii.org\', port=443): Max retries exceeded with url: /mllm/v1/chat/completions (Caused by ReadTimeoutError("HTTPSConnectionPool(host=\'game.agaii.org\', port=443): Read timed out. (read timeout=240)"))'))
[ReasonBench] request_retry attempt=1/7 backoff_s=1.0 error=ConnectionError(MaxRetryError('HTTPSConnectionPool(host=\'game.agaii.org\', port=443): Max retries exceeded with url: /mllm/v1/chat/completions (Caused by ReadTimeoutError("HTTPSConnectionPool(host=\'game.agaii.org\', port=443): Read timed out. (read timeout=240)"))'))
[ReasonBench] request_retry attempt=3/7 backoff_s=4.0 error=ConnectionError(MaxRetryError('HTTPSConnectionPool(host=\'game.agaii.org\', port=443): Max retries exceeded with url: /mllm/v1/chat/completions (Caused by ReadTimeoutError("HTTPSConnectionPool(host=\'game.agaii.org\', port=443): Read timed out. (read timeout=240)"))'))
[ReasonBench] request_retry attempt=2/7 backoff_s=2.0 error=ConnectionError(MaxRetryError('HTTPSConnectionPool(host=\'game.agaii.org\', port=443): Max retries exceeded with url: /mllm/v1/chat/completions (Caused by ReadTimeoutError("HTTPSConnectionPool(host=\'game.agaii.org\', port=443): Read timed out. (read timeout=240)"))'))
[ReasonBench] request_retry attempt=4/7 backoff_s=8.0 error=ConnectionError(MaxRetryError('HTTPSConnectionPool(host=\'game.agaii.org\', port=443): Max retries exceeded with url: /mllm/v1/chat/completions (Caused by ReadTimeoutError("HTTPSConnectionPool(host=\'game.agaii.org\', port=443): Read timed out. (read timeout=240)"))'))
[ReasonBench] request_retry attempt=3/7 backoff_s=4.0 error=ConnectionError(MaxRetryError('HTTPSConnectionPool(host=\'game.agaii.org\', port=443): Max retries exceeded with url: /mllm/v1/chat/completions (Caused by ReadTimeoutError("HTTPSConnectionPool(host=\'game.agaii.org\', port=443): Read timed out. (read timeout=240)"))'))
[ReasonBench] request_retry attempt=5/7 backoff_s=12.0 error=ConnectionError(MaxRetryError('HTTPSConnectionPool(host=\'game.agaii.org\', port=443): Max retries exceeded with url: /mllm/v1/chat/completions (Caused by ReadTimeoutError("HTTPSConnectionPool(host=\'game.agaii.org\', port=443): Read timed out. (read timeout=240)"))'))
[ReasonBench] request_retry attempt=4/7 backoff_s=8.0 error=ConnectionError(MaxRetryError('HTTPSConnectionPool(host=\'game.agaii.org\', port=443): Max retries exceeded with url: /mllm/v1/chat/completions (Caused by ReadTimeoutError("HTTPSConnectionPool(host=\'game.agaii.org\', port=443): Read timed out. (read timeout=240)"))'))
[ReasonBench] request_retry attempt=6/7 backoff_s=12.0 error=ConnectionError(MaxRetryError('HTTPSConnectionPool(host=\'game.agaii.org\', port=443): Max retries exceeded with url: /mllm/v1/chat/completions (Caused by ReadTimeoutError("HTTPSConnectionPool(host=\'game.agaii.org\', port=443): Read timed out. (read timeout=240)"))'))
[ReasonBench] request_retry attempt=5/7 backoff_s=12.0 error=ConnectionError(MaxRetryError('HTTPSConnectionPool(host=\'game.agaii.org\', port=443): Max retries exceeded with url: /mllm/v1/chat/completions (Caused by ReadTimeoutError("HTTPSConnectionPool(host=\'game.agaii.org\', port=443): Read timed out. (read timeout=240)"))'))
[ReasonBench] error example_id=3 strategy=self_verify error=ConnectionError(MaxRetryError('HTTPSConnectionPool(host=\'game.agaii.org\', port=443): Max retries exceeded with url: /mllm/v1/chat/completions (Caused by ReadTimeoutError("HTTPSConnectionPool(host=\'game.agaii.org\', port=443): Read timed out. (read timeout=240)"))'))
[ReasonBench] marked_unscorable example_id=3 strategy=self_verify error_records=21
[ReasonBench] request_retry attempt=6/7 backoff_s=12.0 error=ConnectionError(MaxRetryError('HTTPSConnectionPool(host=\'game.agaii.org\', port=443): Max retries exceeded with url: /mllm/v1/chat/completions (Caused by ReadTimeoutError("HTTPSConnectionPool(host=\'game.agaii.org\', port=443): Read timed out. (read timeout=240)"))'))
[ReasonBench] request_retry attempt=1/7 backoff_s=1.0 error=ConnectionError(MaxRetryError('HTTPSConnectionPool(host=\'game.agaii.org\', port=443): Max retries exceeded with url: /mllm/v1/chat/completions (Caused by ReadTimeoutError("HTTPSConnectionPool(host=\'game.agaii.org\', port=443): Read timed out. (read timeout=240)"))'))
[ReasonBench] error example_id=3 strategy=critique_refine error=ConnectionError(MaxRetryError('HTTPSConnectionPool(host=\'game.agaii.org\', port=443): Max retries exceeded with url: /mllm/v1/chat/completions (Caused by ReadTimeoutError("HTTPSConnectionPool(host=\'game.agaii.org\', port=443): Read timed out. (read timeout=240)"))'))
[ReasonBench] marked_unscorable example_id=3 strategy=critique_refine error_records=22
[ReasonBench] request_retry attempt=2/7 backoff_s=2.0 error=ConnectionError(MaxRetryError('HTTPSConnectionPool(host=\'game.agaii.org\', port=443): Max retries exceeded with url: /mllm/v1/chat/completions (Caused by ReadTimeoutError("HTTPSConnectionPool(host=\'game.agaii.org\', port=443): Read timed out. (read timeout=240)"))'))
[ReasonBench] request_retry attempt=1/7 backoff_s=1.0 error=ConnectionError(MaxRetryError('HTTPSConnectionPool(host=\'game.agaii.org\', port=443): Max retries exceeded with url: /mllm/v1/chat/completions (Caused by ReadTimeoutError("HTTPSConnectionPool(host=\'game.agaii.org\', port=443): Read timed out. (read timeout=240)"))'))
[ReasonBench] request_retry attempt=3/7 backoff_s=4.0 error=ConnectionError(MaxRetryError('HTTPSConnectionPool(host=\'game.agaii.org\', port=443): Max retries exceeded with url: /mllm/v1/chat/completions (Caused by ReadTimeoutError("HTTPSConnectionPool(host=\'game.agaii.org\', port=443): Read timed out. (read timeout=240)"))'))
[ReasonBench] request_retry attempt=2/7 backoff_s=2.0 error=ConnectionError(MaxRetryError('HTTPSConnectionPool(host=\'game.agaii.org\', port=443): Max retries exceeded with url: /mllm/v1/chat/completions (Caused by ReadTimeoutError("HTTPSConnectionPool(host=\'game.agaii.org\', port=443): Read timed out. (read timeout=240)"))'))
[ReasonBench] request_retry attempt=4/7 backoff_s=8.0 error=ConnectionError(MaxRetryError('HTTPSConnectionPool(host=\'game.agaii.org\', port=443): Max retries exceeded with url: /mllm/v1/chat/completions (Caused by ReadTimeoutError("HTTPSConnectionPool(host=\'game.agaii.org\', port=443): Read timed out. (read timeout=240)"))'))
[ReasonBench] request_retry attempt=3/7 backoff_s=4.0 error=ConnectionError(MaxRetryError('HTTPSConnectionPool(host=\'game.agaii.org\', port=443): Max retries exceeded with url: /mllm/v1/chat/completions (Caused by ReadTimeoutError("HTTPSConnectionPool(host=\'game.agaii.org\', port=443): Read timed out. (read timeout=240)"))'))
[ReasonBench] request_retry attempt=5/7 backoff_s=12.0 error=ConnectionError(MaxRetryError('HTTPSConnectionPool(host=\'game.agaii.org\', port=443): Max retries exceeded with url: /mllm/v1/chat/completions (Caused by ReadTimeoutError("HTTPSConnectionPool(host=\'game.agaii.org\', port=443): Read timed out. (read timeout=240)"))'))
[ReasonBench] request_retry attempt=4/7 backoff_s=8.0 error=ConnectionError(MaxRetryError('HTTPSConnectionPool(host=\'game.agaii.org\', port=443): Max retries exceeded with url: /mllm/v1/chat/completions (Caused by ReadTimeoutError("HTTPSConnectionPool(host=\'game.agaii.org\', port=443): Read timed out. (read timeout=240)"))'))
[ReasonBench] request_retry attempt=6/7 backoff_s=12.0 error=ConnectionError(MaxRetryError('HTTPSConnectionPool(host=\'game.agaii.org\', port=443): Max retries exceeded with url: /mllm/v1/chat/completions (Caused by ReadTimeoutError("HTTPSConnectionPool(host=\'game.agaii.org\', port=443): Read timed out. (read timeout=240)"))'))
[ReasonBench] request_retry attempt=5/7 backoff_s=12.0 error=ConnectionError(MaxRetryError('HTTPSConnectionPool(host=\'game.agaii.org\', port=443): Max retries exceeded with url: /mllm/v1/chat/completions (Caused by ReadTimeoutError("HTTPSConnectionPool(host=\'game.agaii.org\', port=443): Read timed out. (read timeout=240)"))'))
[ReasonBench] error example_id=3 strategy=self_consistency error=ConnectionError(MaxRetryError('HTTPSConnectionPool(host=\'game.agaii.org\', port=443): Max retries exceeded with url: /mllm/v1/chat/completions (Caused by ReadTimeoutError("HTTPSConnectionPool(host=\'game.agaii.org\', port=443): Read timed out. (read timeout=240)"))'))
[ReasonBench] marked_unscorable example_id=3 strategy=self_consistency error_records=23
[ReasonBench] request_retry attempt=6/7 backoff_s=12.0 error=ConnectionError(MaxRetryError('HTTPSConnectionPool(host=\'game.agaii.org\', port=443): Max retries exceeded with url: /mllm/v1/chat/completions (Caused by ReadTimeoutError("HTTPSConnectionPool(host=\'game.agaii.org\', port=443): Read timed out. (read timeout=240)"))'))
[ReasonBench] request_retry attempt=1/7 backoff_s=1.0 error=ConnectionError(MaxRetryError('HTTPSConnectionPool(host=\'game.agaii.org\', port=443): Max retries exceeded with url: /mllm/v1/chat/completions (Caused by ReadTimeoutError("HTTPSConnectionPool(host=\'game.agaii.org\', port=443): Read timed out. (read timeout=240)"))'))
[ReasonBench] request_retry attempt=2/7 backoff_s=2.0 error=ConnectionError(MaxRetryError('HTTPSConnectionPool(host=\'game.agaii.org\', port=443): Max retries exceeded with url: /mllm/v1/chat/completions (Caused by ReadTimeoutError("HTTPSConnectionPool(host=\'game.agaii.org\', port=443): Read timed out. (read timeout=240)"))'))
